0 verbose cli /usr/local/bin/node /usr/local/bin/npm
1 info using npm@11.6.0
2 info using node@v22.19.0
3 silly config load:file:/usr/local/lib/node_modules/npm/npmrc
4 silly config load:file:/home/container/.npmrc
5 silly config load:file:/usr/local/etc/npmrc
6 verbose title npm install
7 verbose argv "install"
8 verbose logfile logs-max:10 dir:/home/container/.npm/_logs/2025-09-25T07_13_20_056Z-
9 verbose logfile /home/container/.npm/_logs/2025-09-25T07_13_20_056Z-debug-0.log
10 silly logfile start cleaning logs, removing 1 files
11 silly logfile done cleaning log files
12 silly packumentCache heap:4345298944 maxSize:1086324736 maxEntrySize:543162368
13 silly idealTree buildDeps
14 silly reify moves {}
15 silly audit bulk request {
15 silly audit   '@adiwajshing/keyed-db': [ '0.2.4' ],
15 silly audit   '@cacheable/memoize': [ '2.0.2' ],
15 silly audit   '@cacheable/memory': [ '2.0.2' ],
15 silly audit   '@cacheable/node-cache': [ '1.7.2' ],
15 silly audit   '@cacheable/utils': [ '2.0.2' ],
15 silly audit   '@hapi/boom': [ '9.1.4' ],
15 silly audit   '@hapi/hoek': [ '9.3.0' ],
15 silly audit   '@jimp/core': [ '1.6.0' ],
15 silly audit   mime: [ '3.0.0', '1.6.0' ],
15 silly audit   '@jimp/diff': [ '1.6.0' ],
15 silly audit   '@jimp/file-ops': [ '1.6.0' ],
15 silly audit   '@jimp/js-bmp': [ '1.6.0' ],
15 silly audit   '@jimp/js-gif': [ '1.6.0' ],
15 silly audit   '@jimp/js-jpeg': [ '1.6.0' ],
15 silly audit   '@jimp/js-png': [ '1.6.0' ],
15 silly audit   '@jimp/js-tiff': [ '1.6.0' ],
15 silly audit   '@jimp/plugin-blit': [ '1.6.0' ],
15 silly audit   '@jimp/plugin-blur': [ '1.6.0' ],
15 silly audit   '@jimp/plugin-circle': [ '1.6.0' ],
15 silly audit   '@jimp/plugin-color': [ '1.6.0' ],
15 silly audit   '@jimp/plugin-contain': [ '1.6.0' ],
15 silly audit   '@jimp/plugin-cover': [ '1.6.0' ],
15 silly audit   '@jimp/plugin-crop': [ '1.6.0' ],
15 silly audit   '@jimp/plugin-displace': [ '1.6.0' ],
15 silly audit   '@jimp/plugin-dither': [ '1.6.0' ],
15 silly audit   '@jimp/plugin-fisheye': [ '1.6.0' ],
15 silly audit   '@jimp/plugin-flip': [ '1.6.0' ],
15 silly audit   '@jimp/plugin-hash': [ '1.6.0' ],
15 silly audit   '@jimp/plugin-mask': [ '1.6.0' ],
15 silly audit   '@jimp/plugin-print': [ '1.6.0' ],
15 silly audit   '@jimp/plugin-quantize': [ '1.6.0' ],
15 silly audit   '@jimp/plugin-resize': [ '1.6.0' ],
15 silly audit   '@jimp/plugin-rotate': [ '1.6.0' ],
15 silly audit   '@jimp/plugin-threshold': [ '1.6.0' ],
15 silly audit   '@jimp/types': [ '1.6.0' ],
15 silly audit   '@jimp/utils': [ '1.6.0' ],
15 silly audit   '@keyv/bigmap': [ '1.0.2' ],
15 silly audit   '@keyv/serialize': [ '1.1.1' ],
15 silly audit   '@protobufjs/aspromise': [ '1.1.2' ],
15 silly audit   '@protobufjs/base64': [ '1.1.2' ],
15 silly audit   '@protobufjs/codegen': [ '2.0.4' ],
15 silly audit   '@protobufjs/eventemitter': [ '1.1.0' ],
15 silly audit   '@protobufjs/fetch': [ '1.1.0' ],
15 silly audit   '@protobufjs/float': [ '1.0.2' ],
15 silly audit   '@protobufjs/inquire': [ '1.1.0' ],
15 silly audit   '@protobufjs/path': [ '1.1.2' ],
15 silly audit   '@protobufjs/pool': [ '1.1.0' ],
15 silly audit   '@protobufjs/utf8': [ '1.1.0' ],
15 silly audit   '@tokenizer/token': [ '0.3.0' ],
15 silly audit   '@types/long': [ '4.0.2' ],
15 silly audit   '@types/node': [ '24.5.2', '16.9.1', '10.17.60' ],
15 silly audit   'abort-controller': [ '3.0.0' ],
15 silly audit   ajv: [ '6.12.6' ],
15 silly audit   'any-base': [ '1.1.0' ],
15 silly audit   'array-buffer-byte-length': [ '1.0.2' ],
15 silly audit   'array.prototype.findindex': [ '2.2.4' ],
15 silly audit   'arraybuffer.prototype.slice': [ '1.0.4' ],
15 silly audit   asn1: [ '0.2.6' ],
15 silly audit   'assert-plus': [ '1.0.0' ],
15 silly audit   async: [ '0.2.10' ],
15 silly audit   'async-function': [ '1.0.0' ],
15 silly audit   'async-mutex': [ '0.5.0' ],
15 silly audit   asynckit: [ '0.4.0' ],
15 silly audit   'atomic-sleep': [ '1.0.0' ],
15 silly audit   'available-typed-arrays': [ '1.0.7' ],
15 silly audit   'await-to-js': [ '3.0.0' ],
15 silly audit   'aws-sign2': [ '0.7.0' ],
15 silly audit   aws4: [ '1.13.2' ],
15 silly audit   axios: [ '1.12.2', '0.21.4' ],
15 silly audit   'baileys-x': [ '1.2.0' ],
15 silly audit   pino: [ '9.11.0', '8.21.0' ],
15 silly audit   'pino-abstract-transport': [ '2.0.0', '1.2.0' ],
15 silly audit   'pino-std-serializers': [ '7.0.0', '6.2.2' ],
15 silly audit   'process-warning': [ '5.0.0', '3.0.0' ],
15 silly audit   'sonic-boom': [ '4.2.0', '3.8.1' ],
15 silly audit   'thread-stream': [ '3.1.0', '2.7.0' ],
15 silly audit   'base64-js': [ '1.5.1' ],
15 silly audit   'bcrypt-pbkdf': [ '1.0.2' ],
15 silly audit   bl: [ '1.2.3', '4.1.0' ],
15 silly audit   bluebird: [ '3.7.2' ],
15 silly audit   'bmp-ts': [ '1.0.9' ],
15 silly audit   boolbase: [ '1.0.0' ],
15 silly audit   buffer: [ '6.0.3', '5.7.1' ],
15 silly audit   'cache-manager': [ '5.7.6' ],
15 silly audit   cacheable: [ '2.0.2' ],
15 silly audit   'call-bind': [ '1.0.8' ],
15 silly audit   'call-bind-apply-helpers': [ '1.0.2' ],
15 silly audit   'call-bound': [ '1.0.4' ],
15 silly audit   caseless: [ '0.12.0' ],
15 silly audit   cheerio: [ '1.1.2' ],
15 silly audit   'cheerio-select': [ '2.1.0' ],
15 silly audit   chownr: [ '1.1.4' ],
15 silly audit   clone: [ '2.1.2' ],
15 silly audit   color: [ '4.2.3' ],
15 silly audit   'color-convert': [ '2.0.1' ],
15 silly audit   'color-name': [ '1.1.4' ],
15 silly audit   'color-string': [ '1.9.1' ],
15 silly audit   'combined-stream': [ '1.0.8' ],
15 silly audit   'content-type': [ '1.0.5' ],
15 silly audit   'core-util-is': [ '1.0.3', '1.0.2' ],
15 silly audit   crypto: [ '1.0.1' ],
15 silly audit   'css-select': [ '5.2.2' ],
15 silly audit   'css-what': [ '6.2.2' ],
15 silly audit   'curve25519-js': [ '0.0.4' ],
15 silly audit   dashdash: [ '1.14.1' ],
15 silly audit   'data-view-buffer': [ '1.0.2' ],
15 silly audit   'data-view-byte-length': [ '1.0.2' ],
15 silly audit   'data-view-byte-offset': [ '1.0.1' ],
15 silly audit   debug: [ '4.4.3', '3.2.7' ],
15 silly audit   'decompress-response': [ '6.0.0' ],
15 silly audit   'deep-extend': [ '0.6.0' ],
15 silly audit   'define-data-property': [ '1.1.4' ],
15 silly audit   'define-properties': [ '1.2.1' ],
15 silly audit   'delayed-stream': [ '1.0.0' ],
15 silly audit   'detect-libc': [ '2.1.1' ],
15 silly audit   'dom-serializer': [ '2.0.0' ],
15 silly audit   domelementtype: [ '2.3.0' ],
15 silly audit   domhandler: [ '5.0.3' ],
15 silly audit   domutils: [ '3.2.2' ],
15 silly audit   'dunder-proto': [ '1.0.1' ],
15 silly audit   'ecc-jsbn': [ '0.1.2' ],
15 silly audit   'encoding-sniffer': [ '0.2.1' ],
15 silly audit   'end-of-stream': [ '1.4.5' ],
15 silly audit   entities: [ '4.5.0', '6.0.1' ],
15 silly audit   'es-abstract': [ '1.24.0' ],
15 silly audit   'es-define-property': [ '1.0.1' ],
15 silly audit   'es-errors': [ '1.3.0' ],
15 silly audit   'es-object-atoms': [ '1.1.1' ],
15 silly audit   'es-set-tostringtag': [ '2.1.0' ],
15 silly audit   'es-shim-unscopables': [ '1.1.0' ],
15 silly audit   'es-to-primitive': [ '1.3.0' ],
15 silly audit   'event-target-shim': [ '5.0.1' ],
15 silly audit   eventemitter3: [ '5.0.1', '3.1.2' ],
15 silly audit   events: [ '3.3.0' ],
15 silly audit   'exif-parser': [ '0.1.12' ],
15 silly audit   'expand-template': [ '2.0.3' ],
15 silly audit   extend: [ '3.0.2' ],
15 silly audit   extsprintf: [ '1.3.0' ],
15 silly audit   'fast-deep-equal': [ '3.1.3' ],
15 silly audit   'fast-json-stable-stringify': [ '2.1.0' ],
15 silly audit   'fast-redact': [ '3.5.0' ],
15 silly audit   'file-type': [ '16.5.4', '3.9.0' ],
15 silly audit   'fluent-ffmpeg': [ '2.1.3' ],
15 silly audit   'follow-redirects': [ '1.15.11' ],
15 silly audit   'for-each': [ '0.3.5' ],
15 silly audit   'forever-agent': [ '0.6.1' ],
15 silly audit   'form-data': [ '4.0.4', '2.3.3' ],
15 silly audit   fs: [ '0.0.1-security' ],
15 silly audit   'fs-constants': [ '1.0.0' ],
15 silly audit   'fs-extra': [ '10.1.0' ],
15 silly audit   'function-bind': [ '1.1.2' ],
15 silly audit   'function.prototype.name': [ '1.1.8' ],
15 silly audit   'functions-have-names': [ '1.2.3' ],
15 silly audit   'get-intrinsic': [ '1.3.0' ],
15 silly audit   'get-proto': [ '1.0.1' ],
15 silly audit   'get-symbol-description': [ '1.1.0' ],
15 silly audit   getpass: [ '0.1.7' ],
15 silly audit   gifwrap: [ '0.10.1' ],
15 silly audit   'github-from-package': [ '0.0.0' ],
15 silly audit   globalthis: [ '1.0.4' ],
15 silly audit   gopd: [ '1.2.0' ],
15 silly audit   'graceful-fs': [ '4.2.11' ],
15 silly audit   'har-schema': [ '2.0.0' ],
15 silly audit   'har-validator': [ '5.1.5' ],
15 silly audit   'has-bigints': [ '1.1.0' ],
15 silly audit   'has-property-descriptors': [ '1.0.2' ],
15 silly audit   'has-proto': [ '1.2.0' ],
15 silly audit   'has-symbols': [ '1.1.0' ],
15 silly audit   'has-tostringtag': [ '1.0.2' ],
15 silly audit   hasown: [ '2.0.2' ],
15 silly audit   hookified: [ '1.12.1' ],
15 silly audit   htmlparser2: [ '10.0.0' ],
15 silly audit   'http-signature': [ '1.2.0' ],
15 silly audit   'iconv-lite': [ '0.6.3' ],
15 silly audit   ieee754: [ '1.2.1' ],
15 silly audit   'image-q': [ '4.0.0' ],
15 silly audit   'image-size': [ '1.2.1' ],
15 silly audit   inherits: [ '2.0.4' ],
15 silly audit   ini: [ '1.3.8' ],
15 silly audit   'internal-slot': [ '1.1.0' ],
15 silly audit   'is-array-buffer': [ '3.0.5' ],
15 silly audit   'is-arrayish': [ '0.3.4' ],
15 silly audit   'is-async-function': [ '2.1.1' ],
15 silly audit   'is-bigint': [ '1.1.0' ],
15 silly audit   'is-boolean-object': [ '1.2.2' ],
15 silly audit   'is-callable': [ '1.2.7' ],
15 silly audit   'is-data-view': [ '1.0.2' ],
15 silly audit   'is-date-object': [ '1.1.0' ],
15 silly audit   'is-finalizationregistry': [ '1.1.1' ],
15 silly audit   'is-generator-function': [ '1.1.0' ],
15 silly audit   'is-map': [ '2.0.3' ],
15 silly audit   'is-negative-zero': [ '2.0.3' ],
15 silly audit   'is-number-object': [ '1.1.1' ],
15 silly audit   'is-regex': [ '1.2.1' ],
15 silly audit   'is-set': [ '2.0.3' ],
15 silly audit   'is-shared-array-buffer': [ '1.0.4' ],
15 silly audit   'is-string': [ '1.1.1' ],
15 silly audit   'is-symbol': [ '1.1.1' ],
15 silly audit   'is-typed-array': [ '1.1.15' ],
15 silly audit   'is-typedarray': [ '1.0.0' ],
15 silly audit   'is-weakmap': [ '2.0.2' ],
15 silly audit   'is-weakref': [ '1.1.1' ],
15 silly audit   'is-weakset': [ '2.0.4' ],
15 silly audit   isarray: [ '1.0.0', '2.0.5' ],
15 silly audit   isexe: [ '2.0.0' ],
15 silly audit   isstream: [ '0.1.2' ],
15 silly audit   jimp: [ '1.6.0' ],
15 silly audit   'jpeg-js': [ '0.4.4' ],
15 silly audit   jsbn: [ '0.1.1' ],
15 silly audit   'json-schema': [ '0.4.0' ],
15 silly audit   'json-schema-traverse': [ '0.4.1' ],
15 silly audit   'json-stringify-safe': [ '5.0.1' ],
15 silly audit   jsonfile: [ '6.2.0' ],
15 silly audit   jsprim: [ '1.4.2' ],
15 silly audit   keyv: [ '5.5.2' ],
15 silly audit   'libphonenumber-js': [ '1.12.22' ],
15 silly audit   'libsignal-node': [ '2.0.1' ],
15 silly audit   protobufjs: [ '6.8.8', '6.11.4' ],
15 silly audit   lodash: [ '4.17.21' ],
15 silly audit   'lodash.clonedeep': [ '4.5.0' ],
15 silly audit   long: [ '4.0.0' ],
15 silly audit   'lru-cache': [ '10.4.3' ],
15 silly audit   'math-intrinsics': [ '1.1.0' ],
15 silly audit   'media-typer': [ '1.1.0' ],
15 silly audit   'mime-db': [ '1.52.0' ],
15 silly audit   'mime-types': [ '2.1.35' ],
15 silly audit   'mimic-response': [ '3.1.0' ],
15 silly audit   minimist: [ '1.2.8' ],
15 silly audit   'mkdirp-classic': [ '0.5.3' ],
15 silly audit   ms: [ '2.1.3' ],
15 silly audit   'music-metadata': [ '7.14.0' ],
15 silly audit   'napi-build-utils': [ '2.0.0' ],
15 silly audit   'node-abi': [ '3.77.0' ],
15 silly audit   'node-addon-api': [ '5.1.0' ],
15 silly audit   'node-cache': [ '5.1.2' ],
15 silly audit   'node-fetch': [ '2.7.0' ],
15 silly audit   'node-telegram-bot-api': [ '0.61.0' ],
15 silly audit   'node-webpmux': [ '3.2.1' ],
15 silly audit   'nth-check': [ '2.1.1' ],
15 silly audit   'oauth-sign': [ '0.9.0' ],
15 silly audit   'object-inspect': [ '1.13.4' ],
15 silly audit   'object-keys': [ '1.1.1' ],
15 silly audit   'object.assign': [ '4.1.7' ],
15 silly audit   omggif: [ '1.0.10' ],
15 silly audit   'on-exit-leak-free': [ '2.1.2' ],
15 silly audit   once: [ '1.4.0' ],
15 silly audit   'own-keys': [ '1.0.1' ],
15 silly audit   pako: [ '1.0.11' ],
15 silly audit   'parse-bmfont-ascii': [ '1.0.6' ],
15 silly audit   'parse-bmfont-binary': [ '1.0.6' ],
15 silly audit   'parse-bmfont-xml': [ '1.1.6' ],
15 silly audit   parse5: [ '7.3.0' ],
15 silly audit   'parse5-htmlparser2-tree-adapter': [ '7.1.0' ],
15 silly audit   'parse5-parser-stream': [ '7.1.2' ],
15 silly audit   'peek-readable': [ '4.1.0' ],
15 silly audit   'performance-now': [ '2.1.0' ],
15 silly audit   'readable-stream': [ '4.7.0', '2.3.8', '3.6.2' ],
15 silly audit   string_decoder: [ '1.3.0', '1.1.1' ],
15 silly audit   pixelmatch: [ '5.3.0' ],
15 silly audit   pngjs: [ '6.0.0', '7.0.0' ],
15 silly audit   'possible-typed-array-names': [ '1.1.0' ],
15 silly audit   'prebuild-install': [ '7.1.3' ],
15 silly audit   pump: [ '3.0.3', '2.0.1' ],
15 silly audit   process: [ '0.11.10' ],
15 silly audit   'process-nextick-args': [ '2.0.1' ],
15 silly audit   'promise-coalesce': [ '1.1.2' ],
15 silly audit   'proxy-from-env': [ '1.1.0' ],
15 silly audit   psl: [ '1.15.0' ],
15 silly audit   punycode: [ '2.3.1' ],
15 silly audit   qs: [ '6.5.3' ],
15 silly audit   queue: [ '6.0.2' ],
15 silly audit   'quick-format-unescaped': [ '4.0.4' ],
15 silly audit   rc: [ '1.2.8' ],
15 silly audit   'safe-buffer': [ '5.1.2', '5.2.1' ],
15 silly audit   'readable-web-to-node-stream': [ '3.0.4' ],
15 silly audit   'real-require': [ '0.2.0' ],
15 silly audit   'reflect.getprototypeof': [ '1.0.10' ],
15 silly audit   'regexp.prototype.flags': [ '1.5.4' ],
15 silly audit   request: [ '2.88.2' ],
15 silly audit   'request-promise': [ '4.2.6' ],
15 silly audit   'request-promise-core': [ '1.1.4' ],
15 silly audit   uuid: [ '3.4.0', '10.0.0' ],
15 silly audit   'safe-array-concat': [ '1.1.3' ],
15 silly audit   'safe-push-apply': [ '1.0.0' ],
15 silly audit   'safe-regex-test': [ '1.1.0' ],
15 silly audit   'safe-stable-stringify': [ '2.5.0' ],
15 silly audit   'safer-buffer': [ '2.1.2' ],
15 silly audit   sax: [ '1.4.1' ],
15 silly audit   semver: [ '7.7.2' ],
15 silly audit   'set-function-length': [ '1.2.2' ],
15 silly audit   'set-function-name': [ '2.0.2' ],
15 silly audit   'set-proto': [ '1.0.0' ],
15 silly audit   'side-channel': [ '1.1.0' ],
15 silly audit   'side-channel-list': [ '1.0.0' ],
15 silly audit   'side-channel-map': [ '1.0.1' ],
15 silly audit   'side-channel-weakmap': [ '1.0.2' ],
15 silly audit   'simple-concat': [ '1.0.1' ],
15 silly audit   'simple-get': [ '4.0.1' ],
15 silly audit   'simple-swizzle': [ '0.2.4' ],
15 silly audit   'simple-xml-to-json': [ '1.2.3' ],
15 silly audit   split2: [ '4.2.0' ],
15 silly audit   sshpk: [ '1.18.0' ],
15 silly audit   'stealthy-require': [ '1.1.1' ],
15 silly audit   'stop-iteration-iterator': [ '1.1.0' ],
15 silly audit   'string.prototype.trim': [ '1.2.10' ],
15 silly audit   'string.prototype.trimend': [ '1.0.9' ],
15 silly audit   'string.prototype.trimstart': [ '1.0.8' ],
15 silly audit   'strip-json-comments': [ '2.0.1' ],
15 silly audit   strtok3: [ '6.3.0' ],
15 silly audit   'tar-fs': [ '2.1.4' ],
15 silly audit   'tar-stream': [ '2.2.0' ],
15 silly audit   tinycolor2: [ '1.6.0' ],
15 silly audit   'token-types': [ '4.2.1' ],
15 silly audit   'tough-cookie': [ '2.5.0' ],
15 silly audit   tr46: [ '0.0.3' ],
15 silly audit   tslib: [ '2.8.1' ],
15 silly audit   'tunnel-agent': [ '0.6.0' ],
15 silly audit   tweetnacl: [ '0.14.5' ],
15 silly audit   'typed-array-buffer': [ '1.0.3' ],
15 silly audit   'typed-array-byte-length': [ '1.0.3' ],
15 silly audit   'typed-array-byte-offset': [ '1.0.4' ],
15 silly audit   'typed-array-length': [ '1.0.7' ],
15 silly audit   'unbox-primitive': [ '1.1.0' ],
15 silly audit   undici: [ '7.16.0' ],
15 silly audit   'undici-types': [ '7.12.0' ],
15 silly audit   universalify: [ '2.0.1' ],
15 silly audit   'uri-js': [ '4.4.1' ],
15 silly audit   utif2: [ '4.1.0' ],
15 silly audit   'util-deprecate': [ '1.0.2' ],
15 silly audit   verror: [ '1.10.0' ],
15 silly audit   'wa-sticker-formatter': [ '4.4.4' ],
15 silly audit   sharp: [ '0.30.7' ],
15 silly audit   'webidl-conversions': [ '3.0.1' ],
15 silly audit   'whatwg-encoding': [ '3.1.1' ],
15 silly audit   'whatwg-mimetype': [ '4.0.0' ],
15 silly audit   'whatwg-url': [ '5.0.0' ],
15 silly audit   which: [ '1.3.1' ],
15 silly audit   'which-boxed-primitive': [ '1.1.1' ],
15 silly audit   'which-builtin-type': [ '1.2.1' ],
15 silly audit   'which-collection': [ '1.0.2' ],
15 silly audit   'which-typed-array': [ '1.1.19' ],
15 silly audit   wrappy: [ '1.0.2' ],
15 silly audit   ws: [ '8.18.3' ],
15 silly audit   'xml-parse-from-string': [ '1.0.1' ],
15 silly audit   xml2js: [ '0.5.0' ],
15 silly audit   xmlbuilder: [ '11.0.1' ],
15 silly audit   zod: [ '3.25.76' ]
15 silly audit }
16 http fetch POST 200 https://registry.npmjs.org/-/npm/v1/security/advisories/bulk 448ms
17 silly audit report {
17 silly audit report   axios: [
17 silly audit report     {
17 silly audit report       id: 1103617,
17 silly audit report       url: 'https://github.com/advisories/GHSA-jr5f-v2jv-69x6',
17 silly audit report       title: 'axios Requests Vulnerable To Possible SSRF and Credential Leakage via Absolute URL',
17 silly audit report       severity: 'high',
17 silly audit report       vulnerable_versions: '<0.30.0',
17 silly audit report       cwe: [Array],
17 silly audit report       cvss: [Object]
17 silly audit report     },
17 silly audit report     {
17 silly audit report       id: 1107599,
17 silly audit report       url: 'https://github.com/advisories/GHSA-4hjh-wcwx-xvwj',
17 silly audit report       title: 'Axios is vulnerable to DoS attack through lack of data size check',
17 silly audit report       severity: 'high',
17 silly audit report       vulnerable_versions: '<1.12.0',
17 silly audit report       cwe: [Array],
17 silly audit report       cvss: [Object]
17 silly audit report     },
17 silly audit report     {
17 silly audit report       id: 1097679,
17 silly audit report       url: 'https://github.com/advisories/GHSA-wf5p-g6vw-rhxx',
17 silly audit report       title: 'Axios Cross-Site Request Forgery Vulnerability',
17 silly audit report       severity: 'moderate',
17 silly audit report       vulnerable_versions: '>=0.8.1 <0.28.0',
17 silly audit report       cwe: [Array],
17 silly audit report       cvss: [Object]
17 silly audit report     }
17 silly audit report   ],
17 silly audit report   'form-data': [
17 silly audit report     {
17 silly audit report       id: 1106509,
17 silly audit report       url: 'https://github.com/advisories/GHSA-fjxv-7rqg-78g4',
17 silly audit report       title: 'form-data uses unsafe random function in form-data for choosing boundary',
17 silly audit report       severity: 'critical',
17 silly audit report       vulnerable_versions: '<2.5.4',
17 silly audit report       cwe: [Array],
17 silly audit report       cvss: [Object]
17 silly audit report     }
17 silly audit report   ],
17 silly audit report   request: [
17 silly audit report     {
17 silly audit report       id: 1096727,
17 silly audit report       url: 'https://github.com/advisories/GHSA-p8p7-x288-28g6',
17 silly audit report       title: 'Server-Side Request Forgery in Request',
17 silly audit report       severity: 'moderate',
17 silly audit report       vulnerable_versions: '<=2.88.2',
17 silly audit report       cwe: [Array],
17 silly audit report       cvss: [Object]
17 silly audit report     }
17 silly audit report   ],
17 silly audit report   'tough-cookie': [
17 silly audit report     {
17 silly audit report       id: 1097682,
17 silly audit report       url: 'https://github.com/advisories/GHSA-72xf-g2v4-qvf3',
17 silly audit report       title: 'tough-cookie Prototype Pollution vulnerability',
17 silly audit report       severity: 'moderate',
17 silly audit report       vulnerable_versions: '<4.1.3',
17 silly audit report       cwe: [Array],
17 silly audit report       cvss: [Object]
17 silly audit report     }
17 silly audit report   ],
17 silly audit report   sharp: [
17 silly audit report     {
17 silly audit report       id: 1094888,
17 silly audit report       url: 'https://github.com/advisories/GHSA-54xq-cgqr-rpm3',
17 silly audit report       title: 'sharp vulnerability in libwebp dependency CVE-2023-4863',
17 silly audit report       severity: 'high',
17 silly audit report       vulnerable_versions: '<0.32.6',
17 silly audit report       cwe: [],
17 silly audit report       cvss: [Object]
17 silly audit report     }
17 silly audit report   ]
17 silly audit report }
18 silly packumentCache corgi:https://registry.npmjs.org/axios cache-miss
19 silly packumentCache corgi:https://registry.npmjs.org/form-data cache-miss
20 silly packumentCache corgi:https://registry.npmjs.org/request cache-miss
21 silly packumentCache corgi:https://registry.npmjs.org/tough-cookie cache-miss
22 silly packumentCache corgi:https://registry.npmjs.org/sharp cache-miss
23 http cache https://registry.npmjs.org/form-data 25ms (cache hit)
24 silly packumentCache corgi:https://registry.npmjs.org/form-data set size:50252 disposed:false
25 http cache https://registry.npmjs.org/axios 28ms (cache hit)
26 silly packumentCache corgi:https://registry.npmjs.org/axios set size:253788 disposed:false
27 http cache https://registry.npmjs.org/request 32ms (cache hit)
28 silly packumentCache corgi:https://registry.npmjs.org/request set size:129997 disposed:false
29 http cache https://registry.npmjs.org/tough-cookie 33ms (cache hit)
30 silly packumentCache corgi:https://registry.npmjs.org/tough-cookie set size:55049 disposed:false
31 http cache https://registry.npmjs.org/sharp 35ms (cache hit)
32 silly packumentCache corgi:https://registry.npmjs.org/sharp set size:241740 disposed:false
33 silly packumentCache corgi:https://registry.npmjs.org/wa-sticker-formatter cache-miss
34 http cache https://registry.npmjs.org/wa-sticker-formatter 3ms (cache hit)
35 silly packumentCache corgi:https://registry.npmjs.org/wa-sticker-formatter set size:77857 disposed:false
36 silly packumentCache corgi:https://registry.npmjs.org/node-telegram-bot-api cache-miss
37 silly packumentCache corgi:https://registry.npmjs.org/request-promise cache-miss
38 silly packumentCache corgi:https://registry.npmjs.org/request-promise-core cache-miss
39 http cache https://registry.npmjs.org/request-promise-core 13ms (cache hit)
40 silly packumentCache corgi:https://registry.npmjs.org/request-promise-core set size:6997 disposed:false
41 http cache https://registry.npmjs.org/request-promise 15ms (cache hit)
42 silly packumentCache corgi:https://registry.npmjs.org/request-promise set size:45088 disposed:false
43 http cache https://registry.npmjs.org/node-telegram-bot-api 17ms (cache hit)
44 silly packumentCache corgi:https://registry.npmjs.org/node-telegram-bot-api set size:89051 disposed:false
45 verbose cwd /home/container
46 verbose os Linux 6.8.0-71-generic
47 verbose node v22.19.0
48 verbose npm  v11.6.0
49 verbose exit 0
50 info ok
